/home/rompasaurus/COdingProjects/WetGreg/assembly-animation/render_assembly.py:51: DeprecationWarning: 'Material.use_nodes' is expected to be removed in Blender 6.0
  mat.use_nodes = True
/home/rompasaurus/COdingProjects/WetGreg/assembly-animation/render_assembly.py:200: DeprecationWarning: 'World.use_nodes' is expected to be removed in Blender 6.0
  world.use_nodes = True
Traceback (most recent call last):
  File "/home/rompasaurus/COdingProjects/WetGreg/assembly-animation/render_assembly.py", line 390, in <module>
    main()
    ~~~~^^
  File "/home/rompasaurus/COdingProjects/WetGreg/assembly-animation/render_assembly.py", line 382, in main
    animate(objs, cam, target, orbit_r)
    ~~~~~~~^^^^^^^^^^^^^^^^^^^^^^^^^^^^
  File "/home/rompasaurus/COdingProjects/WetGreg/assembly-animation/render_assembly.py", line 267, in animate
    for fc in obj.animation_data.action.fcurves:
              ^^^^^^^^^^^^^^^^^^^^^^^^^^^^^^^^^
AttributeError: 'Action' object has no attribute 'fcurves'
============================================================
DILDER ASSEMBLY ANIMATION — 390 frames (13.0s)
============================================================
  BasePlate: dims=<Vector (0.0969, 0.0460, 0.0090)>
  AAACradle: dims=<Vector (0.0921, 0.0414, 0.0121)>
  TopCover: dims=<Vector (0.0969, 0.0460, 0.0170)>
  Thumbpiece: dims=<Vector (0.0110, 0.0110, 0.0045)>
  Assembly center: <Vector (0.0485, 0.0230, 0.0089)>, size: <Vector (0.0969, 0.0460, 0.0280)>
Blender 5.1.1 (hash b70da489d7f4 built 2026-05-07 04:58:59)
Timer 'STL Import' took 2.10 ms
Timer 'STL Import' took 0.29 ms
Timer 'STL Import' took 1.81 ms
Timer 'STL Import' took 0.27 ms

Blender quit
