00:00.174  cycles           | WARNING CUEW initialization failed: Error opening the library
/home/rompasaurus/COdingProjects/WetGreg/assembly-animation/render_assembly.py:89: DeprecationWarning: 'Material.use_nodes' is expected to be removed in Blender 6.0
  mat.use_nodes = True
/home/rompasaurus/COdingProjects/WetGreg/assembly-animation/render_assembly.py:176: DeprecationWarning: 'World.use_nodes' is expected to be removed in Blender 6.0
  world.use_nodes = True
/home/rompasaurus/COdingProjects/WetGreg/assembly-animation/render_assembly.py:296: DeprecationWarning: 'Material.use_nodes' is expected to be removed in Blender 6.0
  mat.use_nodes = True
dlopen: /usr/lib/libheif/libheif-j2kdec.so: undefined symbol: _Z19get_subsampled_sizejj12heif_channel11heif_chromaPjS1_
00:02.041  render           | Saved: '/home/rompasaurus/COdingProjects/WetGreg/assembly-animation/frames/frame_0001.png'
00:03.927  render           | Saved: '/home/rompasaurus/COdingProjects/WetGreg/assembly-animation/frames/frame_0002.png'
00:05.818  render           | Saved: '/home/rompasaurus/COdingProjects/WetGreg/assembly-animation/frames/frame_0003.png'
00:07.708  render           | Saved: '/home/rompasaurus/COdingProjects/WetGreg/assembly-animation/frames/frame_0004.png'
00:09.587  render           | Saved: '/home/rompasaurus/COdingProjects/WetGreg/assembly-animation/frames/frame_0005.png'
00:11.462  render           | Saved: '/home/rompasaurus/COdingProjects/WetGreg/assembly-animation/frames/frame_0006.png'
00:13.346  render           | Saved: '/home/rompasaurus/COdingProjects/WetGreg/assembly-animation/frames/frame_0007.png'
00:15.219  render           | Saved: '/home/rompasaurus/COdingProjects/WetGreg/assembly-animation/frames/frame_0008.png'
00:17.100  render           | Saved: '/home/rompasaurus/COdingProjects/WetGreg/assembly-animation/frames/frame_0009.png'
00:18.987  render           | Saved: '/home/rompasaurus/COdingProjects/WetGreg/assembly-animation/frames/frame_0010.png'
00:20.873  render           | Saved: '/home/rompasaurus/COdingProjects/WetGreg/assembly-animation/frames/frame_0011.png'
00:22.763  render           | Saved: '/home/rompasaurus/COdingProjects/WetGreg/assembly-animation/frames/frame_0012.png'
00:24.649  render           | Saved: '/home/rompasaurus/COdingProjects/WetGreg/assembly-animation/frames/frame_0013.png'
00:26.546  render           | Saved: '/home/rompasaurus/COdingProjects/WetGreg/assembly-animation/frames/frame_0014.png'
00:28.436  render           | Saved: '/home/rompasaurus/COdingProjects/WetGreg/assembly-animation/frames/frame_0015.png'
00:30.316  render           | Saved: '/home/rompasaurus/COdingProjects/WetGreg/assembly-animation/frames/frame_0016.png'
00:32.203  render           | Saved: '/home/rompasaurus/COdingProjects/WetGreg/assembly-animation/frames/frame_0017.png'
00:34.082  render           | Saved: '/home/rompasaurus/COdingProjects/WetGreg/assembly-animation/frames/frame_0018.png'
00:35.962  render           | Saved: '/home/rompasaurus/COdingProjects/WetGreg/assembly-animation/frames/frame_0019.png'
00:37.846  render           | Saved: '/home/rompasaurus/COdingProjects/WetGreg/assembly-animation/frames/frame_0020.png'
00:39.727  render           | Saved: '/home/rompasaurus/COdingProjects/WetGreg/assembly-animation/frames/frame_0021.png'
00:41.596  render           | Saved: '/home/rompasaurus/COdingProjects/WetGreg/assembly-animation/frames/frame_0022.png'
00:43.475  render           | Saved: '/home/rompasaurus/COdingProjects/WetGreg/assembly-animation/frames/frame_0023.png'
00:45.353  render           | Saved: '/home/rompasaurus/COdingProjects/WetGreg/assembly-animation/frames/frame_0024.png'
00:47.241  render           | Saved: '/home/rompasaurus/COdingProjects/WetGreg/assembly-animation/frames/frame_0025.png'
00:49.116  render           | Saved: '/home/rompasaurus/COdingProjects/WetGreg/assembly-animation/frames/frame_0026.png'
00:50.991  render           | Saved: '/home/rompasaurus/COdingProjects/WetGreg/assembly-animation/frames/frame_0027.png'
00:52.861  render           | Saved: '/home/rompasaurus/COdingProjects/WetGreg/assembly-animation/frames/frame_0028.png'
00:54.722  render           | Saved: '/home/rompasaurus/COdingProjects/WetGreg/assembly-animation/frames/frame_0029.png'
00:56.584  render           | Saved: '/home/rompasaurus/COdingProjects/WetGreg/assembly-animation/frames/frame_0030.png'
00:58.453  render           | Saved: '/home/rompasaurus/COdingProjects/WetGreg/assembly-animation/frames/frame_0031.png'
01:00.315  render           | Saved: '/home/rompasaurus/COdingProjects/WetGreg/assembly-animation/frames/frame_0032.png'
01:02.187  render           | Saved: '/home/rompasaurus/COdingProjects/WetGreg/assembly-animation/frames/frame_0033.png'
01:04.044  render           | Saved: '/home/rompasaurus/COdingProjects/WetGreg/assembly-animation/frames/frame_0034.png'
01:05.904  render           | Saved: '/home/rompasaurus/COdingProjects/WetGreg/assembly-animation/frames/frame_0035.png'
01:07.764  render           | Saved: '/home/rompasaurus/COdingProjects/WetGreg/assembly-animation/frames/frame_0036.png'
01:09.610  render           | Saved: '/home/rompasaurus/COdingProjects/WetGreg/assembly-animation/frames/frame_0037.png'
01:11.463  render           | Saved: '/home/rompasaurus/COdingProjects/WetGreg/assembly-animation/frames/frame_0038.png'
01:13.351  render           | Saved: '/home/rompasaurus/COdingProjects/WetGreg/assembly-animation/frames/frame_0039.png'
01:15.201  render           | Saved: '/home/rompasaurus/COdingProjects/WetGreg/assembly-animation/frames/frame_0040.png'
01:17.077  render           | Saved: '/home/rompasaurus/COdingProjects/WetGreg/assembly-animation/frames/frame_0041.png'
01:18.931  render           | Saved: '/home/rompasaurus/COdingProjects/WetGreg/assembly-animation/frames/frame_0042.png'
01:20.780  render           | Saved: '/home/rompasaurus/COdingProjects/WetGreg/assembly-animation/frames/frame_0043.png'
01:22.637  render           | Saved: '/home/rompasaurus/COdingProjects/WetGreg/assembly-animation/frames/frame_0044.png'
01:24.492  render           | Saved: '/home/rompasaurus/COdingProjects/WetGreg/assembly-animation/frames/frame_0045.png'
01:26.346  render           | Saved: '/home/rompasaurus/COdingProjects/WetGreg/assembly-animation/frames/frame_0046.png'
01:28.202  render           | Saved: '/home/rompasaurus/COdingProjects/WetGreg/assembly-animation/frames/frame_0047.png'
01:30.050  render           | Saved: '/home/rompasaurus/COdingProjects/WetGreg/assembly-animation/frames/frame_0048.png'
01:31.906  render           | Saved: '/home/rompasaurus/COdingProjects/WetGreg/assembly-animation/frames/frame_0049.png'
01:33.751  render           | Saved: '/home/rompasaurus/COdingProjects/WetGreg/assembly-animation/frames/frame_0050.png'
01:35.602  render           | Saved: '/home/rompasaurus/COdingProjects/WetGreg/assembly-animation/frames/frame_0051.png'
01:37.487  render           | Saved: '/home/rompasaurus/COdingProjects/WetGreg/assembly-animation/frames/frame_0052.png'
01:39.348  render           | Saved: '/home/rompasaurus/COdingProjects/WetGreg/assembly-animation/frames/frame_0053.png'
01:41.210  render           | Saved: '/home/rompasaurus/COdingProjects/WetGreg/assembly-animation/frames/frame_0054.png'
01:43.077  render           | Saved: '/home/rompasaurus/COdingProjects/WetGreg/assembly-animation/frames/frame_0055.png'
01:44.928  render           | Saved: '/home/rompasaurus/COdingProjects/WetGreg/assembly-animation/frames/frame_0056.png'
01:46.787  render           | Saved: '/home/rompasaurus/COdingProjects/WetGreg/assembly-animation/frames/frame_0057.png'
01:48.645  render           | Saved: '/home/rompasaurus/COdingProjects/WetGreg/assembly-animation/frames/frame_0058.png'
01:50.504  render           | Saved: '/home/rompasaurus/COdingProjects/WetGreg/assembly-animation/frames/frame_0059.png'
01:52.367  render           | Saved: '/home/rompasaurus/COdingProjects/WetGreg/assembly-animation/frames/frame_0060.png'
01:54.222  render           | Saved: '/home/rompasaurus/COdingProjects/WetGreg/assembly-animation/frames/frame_0061.png'
01:56.084  render           | Saved: '/home/rompasaurus/COdingProjects/WetGreg/assembly-animation/frames/frame_0062.png'
01:57.953  render           | Saved: '/home/rompasaurus/COdingProjects/WetGreg/assembly-animation/frames/frame_0063.png'
01:59.814  render           | Saved: '/home/rompasaurus/COdingProjects/WetGreg/assembly-animation/frames/frame_0064.png'
02:01.669  render           | Saved: '/home/rompasaurus/COdingProjects/WetGreg/assembly-animation/frames/frame_0065.png'
02:03.543  render           | Saved: '/home/rompasaurus/COdingProjects/WetGreg/assembly-animation/frames/frame_0066.png'
02:05.413  render           | Saved: '/home/rompasaurus/COdingProjects/WetGreg/assembly-animation/frames/frame_0067.png'
02:07.285  render           | Saved: '/home/rompasaurus/COdingProjects/WetGreg/assembly-animation/frames/frame_0068.png'
02:09.154  render           | Saved: '/home/rompasaurus/COdingProjects/WetGreg/assembly-animation/frames/frame_0069.png'
02:11.022  render           | Saved: '/home/rompasaurus/COdingProjects/WetGreg/assembly-animation/frames/frame_0070.png'
02:12.894  render           | Saved: '/home/rompasaurus/COdingProjects/WetGreg/assembly-animation/frames/frame_0071.png'
02:14.761  render           | Saved: '/home/rompasaurus/COdingProjects/WetGreg/assembly-animation/frames/frame_0072.png'
02:16.631  render           | Saved: '/home/rompasaurus/COdingProjects/WetGreg/assembly-animation/frames/frame_0073.png'
02:18.509  render           | Saved: '/home/rompasaurus/COdingProjects/WetGreg/assembly-animation/frames/frame_0074.png'
02:20.375  render           | Saved: '/home/rompasaurus/COdingProjects/WetGreg/assembly-animation/frames/frame_0075.png'
02:22.259  render           | Saved: '/home/rompasaurus/COdingProjects/WetGreg/assembly-animation/frames/frame_0076.png'
02:24.129  render           | Saved: '/home/rompasaurus/COdingProjects/WetGreg/assembly-animation/frames/frame_0077.png'
02:25.994  render           | Saved: '/home/rompasaurus/COdingProjects/WetGreg/assembly-animation/frames/frame_0078.png'
02:27.879  render           | Saved: '/home/rompasaurus/COdingProjects/WetGreg/assembly-animation/frames/frame_0079.png'
02:29.748  render           | Saved: '/home/rompasaurus/COdingProjects/WetGreg/assembly-animation/frames/frame_0080.png'
02:31.614  render           | Saved: '/home/rompasaurus/COdingProjects/WetGreg/assembly-animation/frames/frame_0081.png'
02:33.486  render           | Saved: '/home/rompasaurus/COdingProjects/WetGreg/assembly-animation/frames/frame_0082.png'
02:35.361  render           | Saved: '/home/rompasaurus/COdingProjects/WetGreg/assembly-animation/frames/frame_0083.png'
02:37.234  render           | Saved: '/home/rompasaurus/COdingProjects/WetGreg/assembly-animation/frames/frame_0084.png'
02:39.098  render           | Saved: '/home/rompasaurus/COdingProjects/WetGreg/assembly-animation/frames/frame_0085.png'
02:40.951  render           | Saved: '/home/rompasaurus/COdingProjects/WetGreg/assembly-animation/frames/frame_0086.png'
02:42.828  render           | Saved: '/home/rompasaurus/COdingProjects/WetGreg/assembly-animation/frames/frame_0087.png'
02:44.693  render           | Saved: '/home/rompasaurus/COdingProjects/WetGreg/assembly-animation/frames/frame_0088.png'
02:46.552  render           | Saved: '/home/rompasaurus/COdingProjects/WetGreg/assembly-animation/frames/frame_0089.png'
02:48.412  render           | Saved: '/home/rompasaurus/COdingProjects/WetGreg/assembly-animation/frames/frame_0090.png'
02:50.271  render           | Saved: '/home/rompasaurus/COdingProjects/WetGreg/assembly-animation/frames/frame_0091.png'
02:52.125  render           | Saved: '/home/rompasaurus/COdingProjects/WetGreg/assembly-animation/frames/frame_0092.png'
02:53.980  render           | Saved: '/home/rompasaurus/COdingProjects/WetGreg/assembly-animation/frames/frame_0093.png'
02:55.834  render           | Saved: '/home/rompasaurus/COdingProjects/WetGreg/assembly-animation/frames/frame_0094.png'
02:57.692  render           | Saved: '/home/rompasaurus/COdingProjects/WetGreg/assembly-animation/frames/frame_0095.png'
02:59.539  render           | Saved: '/home/rompasaurus/COdingProjects/WetGreg/assembly-animation/frames/frame_0096.png'
03:01.384  render           | Saved: '/home/rompasaurus/COdingProjects/WetGreg/assembly-animation/frames/frame_0097.png'
03:03.224  render           | Saved: '/home/rompasaurus/COdingProjects/WetGreg/assembly-animation/frames/frame_0098.png'
03:05.047  render           | Saved: '/home/rompasaurus/COdingProjects/WetGreg/assembly-animation/frames/frame_0099.png'
03:06.877  render           | Saved: '/home/rompasaurus/COdingProjects/WetGreg/assembly-animation/frames/frame_0100.png'
03:08.701  render           | Saved: '/home/rompasaurus/COdingProjects/WetGreg/assembly-animation/frames/frame_0101.png'
03:10.520  render           | Saved: '/home/rompasaurus/COdingProjects/WetGreg/assembly-animation/frames/frame_0102.png'
03:12.344  render           | Saved: '/home/rompasaurus/COdingProjects/WetGreg/assembly-animation/frames/frame_0103.png'
03:14.155  render           | Saved: '/home/rompasaurus/COdingProjects/WetGreg/assembly-animation/frames/frame_0104.png'
03:15.952  render           | Saved: '/home/rompasaurus/COdingProjects/WetGreg/assembly-animation/frames/frame_0105.png'
03:17.754  render           | Saved: '/home/rompasaurus/COdingProjects/WetGreg/assembly-animation/frames/frame_0106.png'
03:19.543  render           | Saved: '/home/rompasaurus/COdingProjects/WetGreg/assembly-animation/frames/frame_0107.png'
03:21.343  render           | Saved: '/home/rompasaurus/COdingProjects/WetGreg/assembly-animation/frames/frame_0108.png'
03:23.146  render           | Saved: '/home/rompasaurus/COdingProjects/WetGreg/assembly-animation/frames/frame_0109.png'
03:24.930  render           | Saved: '/home/rompasaurus/COdingProjects/WetGreg/assembly-animation/frames/frame_0110.png'
03:26.733  render           | Saved: '/home/rompasaurus/COdingProjects/WetGreg/assembly-animation/frames/frame_0111.png'
03:28.513  render           | Saved: '/home/rompasaurus/COdingProjects/WetGreg/assembly-animation/frames/frame_0112.png'
03:30.297  render           | Saved: '/home/rompasaurus/COdingProjects/WetGreg/assembly-animation/frames/frame_0113.png'
03:32.071  render           | Saved: '/home/rompasaurus/COdingProjects/WetGreg/assembly-animation/frames/frame_0114.png'
03:33.861  render           | Saved: '/home/rompasaurus/COdingProjects/WetGreg/assembly-animation/frames/frame_0115.png'
03:35.638  render           | Saved: '/home/rompasaurus/COdingProjects/WetGreg/assembly-animation/frames/frame_0116.png'
03:37.413  render           | Saved: '/home/rompasaurus/COdingProjects/WetGreg/assembly-animation/frames/frame_0117.png'
03:39.188  render           | Saved: '/home/rompasaurus/COdingProjects/WetGreg/assembly-animation/frames/frame_0118.png'
03:40.955  render           | Saved: '/home/rompasaurus/COdingProjects/WetGreg/assembly-animation/frames/frame_0119.png'
03:42.736  render           | Saved: '/home/rompasaurus/COdingProjects/WetGreg/assembly-animation/frames/frame_0120.png'
03:44.492  render           | Saved: '/home/rompasaurus/COdingProjects/WetGreg/assembly-animation/frames/frame_0121.png'
03:46.254  render           | Saved: '/home/rompasaurus/COdingProjects/WetGreg/assembly-animation/frames/frame_0122.png'
03:48.040  render           | Saved: '/home/rompasaurus/COdingProjects/WetGreg/assembly-animation/frames/frame_0123.png'
03:49.795  render           | Saved: '/home/rompasaurus/COdingProjects/WetGreg/assembly-animation/frames/frame_0124.png'
03:51.540  render           | Saved: '/home/rompasaurus/COdingProjects/WetGreg/assembly-animation/frames/frame_0125.png'
03:53.298  render           | Saved: '/home/rompasaurus/COdingProjects/WetGreg/assembly-animation/frames/frame_0126.png'
03:55.053  render           | Saved: '/home/rompasaurus/COdingProjects/WetGreg/assembly-animation/frames/frame_0127.png'
03:56.803  render           | Saved: '/home/rompasaurus/COdingProjects/WetGreg/assembly-animation/frames/frame_0128.png'
03:58.557  render           | Saved: '/home/rompasaurus/COdingProjects/WetGreg/assembly-animation/frames/frame_0129.png'
04:00.300  render           | Saved: '/home/rompasaurus/COdingProjects/WetGreg/assembly-animation/frames/frame_0130.png'
04:02.044  render           | Saved: '/home/rompasaurus/COdingProjects/WetGreg/assembly-animation/frames/frame_0131.png'
04:03.797  render           | Saved: '/home/rompasaurus/COdingProjects/WetGreg/assembly-animation/frames/frame_0132.png'
04:05.536  render           | Saved: '/home/rompasaurus/COdingProjects/WetGreg/assembly-animation/frames/frame_0133.png'
04:07.289  render           | Saved: '/home/rompasaurus/COdingProjects/WetGreg/assembly-animation/frames/frame_0134.png'
04:09.030  render           | Saved: '/home/rompasaurus/COdingProjects/WetGreg/assembly-animation/frames/frame_0135.png'
04:10.771  render           | Saved: '/home/rompasaurus/COdingProjects/WetGreg/assembly-animation/frames/frame_0136.png'
04:12.524  render           | Saved: '/home/rompasaurus/COdingProjects/WetGreg/assembly-animation/frames/frame_0137.png'
04:14.265  render           | Saved: '/home/rompasaurus/COdingProjects/WetGreg/assembly-animation/frames/frame_0138.png'
04:15.998  render           | Saved: '/home/rompasaurus/COdingProjects/WetGreg/assembly-animation/frames/frame_0139.png'
04:17.767  render           | Saved: '/home/rompasaurus/COdingProjects/WetGreg/assembly-animation/frames/frame_0140.png'
04:19.503  render           | Saved: '/home/rompasaurus/COdingProjects/WetGreg/assembly-animation/frames/frame_0141.png'
04:21.237  render           | Saved: '/home/rompasaurus/COdingProjects/WetGreg/assembly-animation/frames/frame_0142.png'
04:22.974  render           | Saved: '/home/rompasaurus/COdingProjects/WetGreg/assembly-animation/frames/frame_0143.png'
04:24.710  render           | Saved: '/home/rompasaurus/COdingProjects/WetGreg/assembly-animation/frames/frame_0144.png'
04:26.457  render           | Saved: '/home/rompasaurus/COdingProjects/WetGreg/assembly-animation/frames/frame_0145.png'
04:28.210  render           | Saved: '/home/rompasaurus/COdingProjects/WetGreg/assembly-animation/frames/frame_0146.png'
04:29.949  render           | Saved: '/home/rompasaurus/COdingProjects/WetGreg/assembly-animation/frames/frame_0147.png'
04:31.686  render           | Saved: '/home/rompasaurus/COdingProjects/WetGreg/assembly-animation/frames/frame_0148.png'
04:33.442  render           | Saved: '/home/rompasaurus/COdingProjects/WetGreg/assembly-animation/frames/frame_0149.png'
04:35.178  render           | Saved: '/home/rompasaurus/COdingProjects/WetGreg/assembly-animation/frames/frame_0150.png'
04:36.923  render           | Saved: '/home/rompasaurus/COdingProjects/WetGreg/assembly-animation/frames/frame_0151.png'
04:38.683  render           | Saved: '/home/rompasaurus/COdingProjects/WetGreg/assembly-animation/frames/frame_0152.png'
04:40.432  render           | Saved: '/home/rompasaurus/COdingProjects/WetGreg/assembly-animation/frames/frame_0153.png'
04:42.167  render           | Saved: '/home/rompasaurus/COdingProjects/WetGreg/assembly-animation/frames/frame_0154.png'
04:43.917  render           | Saved: '/home/rompasaurus/COdingProjects/WetGreg/assembly-animation/frames/frame_0155.png'
04:45.659  render           | Saved: '/home/rompasaurus/COdingProjects/WetGreg/assembly-animation/frames/frame_0156.png'
04:47.408  render           | Saved: '/home/rompasaurus/COdingProjects/WetGreg/assembly-animation/frames/frame_0157.png'
04:49.152  render           | Saved: '/home/rompasaurus/COdingProjects/WetGreg/assembly-animation/frames/frame_0158.png'
04:50.900  render           | Saved: '/home/rompasaurus/COdingProjects/WetGreg/assembly-animation/frames/frame_0159.png'
04:52.656  render           | Saved: '/home/rompasaurus/COdingProjects/WetGreg/assembly-animation/frames/frame_0160.png'
04:54.397  render           | Saved: '/home/rompasaurus/COdingProjects/WetGreg/assembly-animation/frames/frame_0161.png'
04:56.144  render           | Saved: '/home/rompasaurus/COdingProjects/WetGreg/assembly-animation/frames/frame_0162.png'
04:57.890  render           | Saved: '/home/rompasaurus/COdingProjects/WetGreg/assembly-animation/frames/frame_0163.png'
04:59.632  render           | Saved: '/home/rompasaurus/COdingProjects/WetGreg/assembly-animation/frames/frame_0164.png'
05:01.375  render           | Saved: '/home/rompasaurus/COdingProjects/WetGreg/assembly-animation/frames/frame_0165.png'
05:03.118  render           | Saved: '/home/rompasaurus/COdingProjects/WetGreg/assembly-animation/frames/frame_0166.png'
05:04.864  render           | Saved: '/home/rompasaurus/COdingProjects/WetGreg/assembly-animation/frames/frame_0167.png'
05:06.608  render           | Saved: '/home/rompasaurus/COdingProjects/WetGreg/assembly-animation/frames/frame_0168.png'
05:08.386  render           | Saved: '/home/rompasaurus/COdingProjects/WetGreg/assembly-animation/frames/frame_0169.png'
05:10.134  render           | Saved: '/home/rompasaurus/COdingProjects/WetGreg/assembly-animation/frames/frame_0170.png'
05:11.895  render           | Saved: '/home/rompasaurus/COdingProjects/WetGreg/assembly-animation/frames/frame_0171.png'
05:13.649  render           | Saved: '/home/rompasaurus/COdingProjects/WetGreg/assembly-animation/frames/frame_0172.png'
05:15.380  render           | Saved: '/home/rompasaurus/COdingProjects/WetGreg/assembly-animation/frames/frame_0173.png'
05:17.121  render           | Saved: '/home/rompasaurus/COdingProjects/WetGreg/assembly-animation/frames/frame_0174.png'
05:18.878  render           | Saved: '/home/rompasaurus/COdingProjects/WetGreg/assembly-animation/frames/frame_0175.png'
05:20.625  render           | Saved: '/home/rompasaurus/COdingProjects/WetGreg/assembly-animation/frames/frame_0176.png'
05:22.383  render           | Saved: '/home/rompasaurus/COdingProjects/WetGreg/assembly-animation/frames/frame_0177.png'
05:24.149  render           | Saved: '/home/rompasaurus/COdingProjects/WetGreg/assembly-animation/frames/frame_0178.png'
05:25.906  render           | Saved: '/home/rompasaurus/COdingProjects/WetGreg/assembly-animation/frames/frame_0179.png'
05:27.671  render           | Saved: '/home/rompasaurus/COdingProjects/WetGreg/assembly-animation/frames/frame_0180.png'
05:29.433  render           | Saved: '/home/rompasaurus/COdingProjects/WetGreg/assembly-animation/frames/frame_0181.png'
05:31.191  render           | Saved: '/home/rompasaurus/COdingProjects/WetGreg/assembly-animation/frames/frame_0182.png'
05:32.964  render           | Saved: '/home/rompasaurus/COdingProjects/WetGreg/assembly-animation/frames/frame_0183.png'
05:34.739  render           | Saved: '/home/rompasaurus/COdingProjects/WetGreg/assembly-animation/frames/frame_0184.png'
05:36.508  render           | Saved: '/home/rompasaurus/COdingProjects/WetGreg/assembly-animation/frames/frame_0185.png'
05:38.288  render           | Saved: '/home/rompasaurus/COdingProjects/WetGreg/assembly-animation/frames/frame_0186.png'
05:40.053  render           | Saved: '/home/rompasaurus/COdingProjects/WetGreg/assembly-animation/frames/frame_0187.png'
05:41.815  render           | Saved: '/home/rompasaurus/COdingProjects/WetGreg/assembly-animation/frames/frame_0188.png'
05:43.586  render           | Saved: '/home/rompasaurus/COdingProjects/WetGreg/assembly-animation/frames/frame_0189.png'
05:45.359  render           | Saved: '/home/rompasaurus/COdingProjects/WetGreg/assembly-animation/frames/frame_0190.png'
05:47.115  render           | Saved: '/home/rompasaurus/COdingProjects/WetGreg/assembly-animation/frames/frame_0191.png'
05:48.876  render           | Saved: '/home/rompasaurus/COdingProjects/WetGreg/assembly-animation/frames/frame_0192.png'
05:50.639  render           | Saved: '/home/rompasaurus/COdingProjects/WetGreg/assembly-animation/frames/frame_0193.png'
05:52.386  render           | Saved: '/home/rompasaurus/COdingProjects/WetGreg/assembly-animation/frames/frame_0194.png'
05:54.151  render           | Saved: '/home/rompasaurus/COdingProjects/WetGreg/assembly-animation/frames/frame_0195.png'
05:55.902  render           | Saved: '/home/rompasaurus/COdingProjects/WetGreg/assembly-animation/frames/frame_0196.png'
05:57.663  render           | Saved: '/home/rompasaurus/COdingProjects/WetGreg/assembly-animation/frames/frame_0197.png'
05:59.432  render           | Saved: '/home/rompasaurus/COdingProjects/WetGreg/assembly-animation/frames/frame_0198.png'
06:01.194  render           | Saved: '/home/rompasaurus/COdingProjects/WetGreg/assembly-animation/frames/frame_0199.png'
06:02.962  render           | Saved: '/home/rompasaurus/COdingProjects/WetGreg/assembly-animation/frames/frame_0200.png'
06:04.719  render           | Saved: '/home/rompasaurus/COdingProjects/WetGreg/assembly-animation/frames/frame_0201.png'
06:06.479  render           | Saved: '/home/rompasaurus/COdingProjects/WetGreg/assembly-animation/frames/frame_0202.png'
06:08.261  render           | Saved: '/home/rompasaurus/COdingProjects/WetGreg/assembly-animation/frames/frame_0203.png'
06:10.025  render           | Saved: '/home/rompasaurus/COdingProjects/WetGreg/assembly-animation/frames/frame_0204.png'
06:11.783  render           | Saved: '/home/rompasaurus/COdingProjects/WetGreg/assembly-animation/frames/frame_0205.png'
06:13.555  render           | Saved: '/home/rompasaurus/COdingProjects/WetGreg/assembly-animation/frames/frame_0206.png'
06:15.331  render           | Saved: '/home/rompasaurus/COdingProjects/WetGreg/assembly-animation/frames/frame_0207.png'
06:17.104  render           | Saved: '/home/rompasaurus/COdingProjects/WetGreg/assembly-animation/frames/frame_0208.png'
06:18.884  render           | Saved: '/home/rompasaurus/COdingProjects/WetGreg/assembly-animation/frames/frame_0209.png'
06:20.642  render           | Saved: '/home/rompasaurus/COdingProjects/WetGreg/assembly-animation/frames/frame_0210.png'
06:22.412  render           | Saved: '/home/rompasaurus/COdingProjects/WetGreg/assembly-animation/frames/frame_0211.png'
06:24.193  render           | Saved: '/home/rompasaurus/COdingProjects/WetGreg/assembly-animation/frames/frame_0212.png'
06:25.961  render           | Saved: '/home/rompasaurus/COdingProjects/WetGreg/assembly-animation/frames/frame_0213.png'
06:27.728  render           | Saved: '/home/rompasaurus/COdingProjects/WetGreg/assembly-animation/frames/frame_0214.png'
06:29.507  render           | Saved: '/home/rompasaurus/COdingProjects/WetGreg/assembly-animation/frames/frame_0215.png'
06:31.277  render           | Saved: '/home/rompasaurus/COdingProjects/WetGreg/assembly-animation/frames/frame_0216.png'
06:33.055  render           | Saved: '/home/rompasaurus/COdingProjects/WetGreg/assembly-animation/frames/frame_0217.png'
06:34.813  render           | Saved: '/home/rompasaurus/COdingProjects/WetGreg/assembly-animation/frames/frame_0218.png'
06:36.573  render           | Saved: '/home/rompasaurus/COdingProjects/WetGreg/assembly-animation/frames/frame_0219.png'
06:38.345  render           | Saved: '/home/rompasaurus/COdingProjects/WetGreg/assembly-animation/frames/frame_0220.png'
06:40.100  render           | Saved: '/home/rompasaurus/COdingProjects/WetGreg/assembly-animation/frames/frame_0221.png'
06:41.866  render           | Saved: '/home/rompasaurus/COdingProjects/WetGreg/assembly-animation/frames/frame_0222.png'
06:43.659  render           | Saved: '/home/rompasaurus/COdingProjects/WetGreg/assembly-animation/frames/frame_0223.png'
06:45.436  render           | Saved: '/home/rompasaurus/COdingProjects/WetGreg/assembly-animation/frames/frame_0224.png'
06:47.211  render           | Saved: '/home/rompasaurus/COdingProjects/WetGreg/assembly-animation/frames/frame_0225.png'
06:48.991  render           | Saved: '/home/rompasaurus/COdingProjects/WetGreg/assembly-animation/frames/frame_0226.png'
06:50.765  render           | Saved: '/home/rompasaurus/COdingProjects/WetGreg/assembly-animation/frames/frame_0227.png'
06:52.537  render           | Saved: '/home/rompasaurus/COdingProjects/WetGreg/assembly-animation/frames/frame_0228.png'
06:54.318  render           | Saved: '/home/rompasaurus/COdingProjects/WetGreg/assembly-animation/frames/frame_0229.png'
06:56.093  render           | Saved: '/home/rompasaurus/COdingProjects/WetGreg/assembly-animation/frames/frame_0230.png'
06:57.877  render           | Saved: '/home/rompasaurus/COdingProjects/WetGreg/assembly-animation/frames/frame_0231.png'
06:59.656  render           | Saved: '/home/rompasaurus/COdingProjects/WetGreg/assembly-animation/frames/frame_0232.png'
07:01.433  render           | Saved: '/home/rompasaurus/COdingProjects/WetGreg/assembly-animation/frames/frame_0233.png'
07:03.223  render           | Saved: '/home/rompasaurus/COdingProjects/WetGreg/assembly-animation/frames/frame_0234.png'
07:05.002  render           | Saved: '/home/rompasaurus/COdingProjects/WetGreg/assembly-animation/frames/frame_0235.png'
07:06.789  render           | Saved: '/home/rompasaurus/COdingProjects/WetGreg/assembly-animation/frames/frame_0236.png'
07:08.569  render           | Saved: '/home/rompasaurus/COdingProjects/WetGreg/assembly-animation/frames/frame_0237.png'
07:10.345  render           | Saved: '/home/rompasaurus/COdingProjects/WetGreg/assembly-animation/frames/frame_0238.png'
07:12.129  render           | Saved: '/home/rompasaurus/COdingProjects/WetGreg/assembly-animation/frames/frame_0239.png'
07:13.947  render           | Saved: '/home/rompasaurus/COdingProjects/WetGreg/assembly-animation/frames/frame_0240.png'
07:15.729  render           | Saved: '/home/rompasaurus/COdingProjects/WetGreg/assembly-animation/frames/frame_0241.png'
07:17.522  render           | Saved: '/home/rompasaurus/COdingProjects/WetGreg/assembly-animation/frames/frame_0242.png'
07:19.310  render           | Saved: '/home/rompasaurus/COdingProjects/WetGreg/assembly-animation/frames/frame_0243.png'
07:21.103  render           | Saved: '/home/rompasaurus/COdingProjects/WetGreg/assembly-animation/frames/frame_0244.png'
07:22.893  render           | Saved: '/home/rompasaurus/COdingProjects/WetGreg/assembly-animation/frames/frame_0245.png'
07:24.688  render           | Saved: '/home/rompasaurus/COdingProjects/WetGreg/assembly-animation/frames/frame_0246.png'
07:26.475  render           | Saved: '/home/rompasaurus/COdingProjects/WetGreg/assembly-animation/frames/frame_0247.png'
07:28.292  render           | Saved: '/home/rompasaurus/COdingProjects/WetGreg/assembly-animation/frames/frame_0248.png'
07:30.107  render           | Saved: '/home/rompasaurus/COdingProjects/WetGreg/assembly-animation/frames/frame_0249.png'
07:31.920  render           | Saved: '/home/rompasaurus/COdingProjects/WetGreg/assembly-animation/frames/frame_0250.png'
07:33.773  render           | Saved: '/home/rompasaurus/COdingProjects/WetGreg/assembly-animation/frames/frame_0251.png'
07:35.610  render           | Saved: '/home/rompasaurus/COdingProjects/WetGreg/assembly-animation/frames/frame_0252.png'
07:37.463  render           | Saved: '/home/rompasaurus/COdingProjects/WetGreg/assembly-animation/frames/frame_0253.png'
07:39.332  render           | Saved: '/home/rompasaurus/COdingProjects/WetGreg/assembly-animation/frames/frame_0254.png'
07:41.213  render           | Saved: '/home/rompasaurus/COdingProjects/WetGreg/assembly-animation/frames/frame_0255.png'
07:43.100  render           | Saved: '/home/rompasaurus/COdingProjects/WetGreg/assembly-animation/frames/frame_0256.png'
07:45.018  render           | Saved: '/home/rompasaurus/COdingProjects/WetGreg/assembly-animation/frames/frame_0257.png'
07:46.943  render           | Saved: '/home/rompasaurus/COdingProjects/WetGreg/assembly-animation/frames/frame_0258.png'
07:48.882  render           | Saved: '/home/rompasaurus/COdingProjects/WetGreg/assembly-animation/frames/frame_0259.png'
07:50.832  render           | Saved: '/home/rompasaurus/COdingProjects/WetGreg/assembly-animation/frames/frame_0260.png'
07:52.796  render           | Saved: '/home/rompasaurus/COdingProjects/WetGreg/assembly-animation/frames/frame_0261.png'
07:54.793  render           | Saved: '/home/rompasaurus/COdingProjects/WetGreg/assembly-animation/frames/frame_0262.png'
07:56.785  render           | Saved: '/home/rompasaurus/COdingProjects/WetGreg/assembly-animation/frames/frame_0263.png'
07:58.805  render           | Saved: '/home/rompasaurus/COdingProjects/WetGreg/assembly-animation/frames/frame_0264.png'
08:00.839  render           | Saved: '/home/rompasaurus/COdingProjects/WetGreg/assembly-animation/frames/frame_0265.png'
08:02.899  render           | Saved: '/home/rompasaurus/COdingProjects/WetGreg/assembly-animation/frames/frame_0266.png'
08:04.973  render           | Saved: '/home/rompasaurus/COdingProjects/WetGreg/assembly-animation/frames/frame_0267.png'
08:07.066  render           | Saved: '/home/rompasaurus/COdingProjects/WetGreg/assembly-animation/frames/frame_0268.png'
08:09.203  render           | Saved: '/home/rompasaurus/COdingProjects/WetGreg/assembly-animation/frames/frame_0269.png'
08:11.373  render           | Saved: '/home/rompasaurus/COdingProjects/WetGreg/assembly-animation/frames/frame_0270.png'
08:13.554  render           | Saved: '/home/rompasaurus/COdingProjects/WetGreg/assembly-animation/frames/frame_0271.png'
08:15.770  render           | Saved: '/home/rompasaurus/COdingProjects/WetGreg/assembly-animation/frames/frame_0272.png'
08:17.979  render           | Saved: '/home/rompasaurus/COdingProjects/WetGreg/assembly-animation/frames/frame_0273.png'
08:20.234  render           | Saved: '/home/rompasaurus/COdingProjects/WetGreg/assembly-animation/frames/frame_0274.png'
08:22.504  render           | Saved: '/home/rompasaurus/COdingProjects/WetGreg/assembly-animation/frames/frame_0275.png'
08:24.837  render           | Saved: '/home/rompasaurus/COdingProjects/WetGreg/assembly-animation/frames/frame_0276.png'
08:27.188  render           | Saved: '/home/rompasaurus/COdingProjects/WetGreg/assembly-animation/frames/frame_0277.png'
08:29.551  render           | Saved: '/home/rompasaurus/COdingProjects/WetGreg/assembly-animation/frames/frame_0278.png'
08:31.959  render           | Saved: '/home/rompasaurus/COdingProjects/WetGreg/assembly-animation/frames/frame_0279.png'
08:34.371  render           | Saved: '/home/rompasaurus/COdingProjects/WetGreg/assembly-animation/frames/frame_0280.png'
08:36.810  render           | Saved: '/home/rompasaurus/COdingProjects/WetGreg/assembly-animation/frames/frame_0281.png'
08:39.288  render           | Saved: '/home/rompasaurus/COdingProjects/WetGreg/assembly-animation/frames/frame_0282.png'
08:41.761  render           | Saved: '/home/rompasaurus/COdingProjects/WetGreg/assembly-animation/frames/frame_0283.png'
08:44.284  render           | Saved: '/home/rompasaurus/COdingProjects/WetGreg/assembly-animation/frames/frame_0284.png'
08:46.825  render           | Saved: '/home/rompasaurus/COdingProjects/WetGreg/assembly-animation/frames/frame_0285.png'
08:49.406  render           | Saved: '/home/rompasaurus/COdingProjects/WetGreg/assembly-animation/frames/frame_0286.png'
08:52.001  render           | Saved: '/home/rompasaurus/COdingProjects/WetGreg/assembly-animation/frames/frame_0287.png'
08:54.611  render           | Saved: '/home/rompasaurus/COdingProjects/WetGreg/assembly-animation/frames/frame_0288.png'
08:57.243  render           | Saved: '/home/rompasaurus/COdingProjects/WetGreg/assembly-animation/frames/frame_0289.png'
08:59.882  render           | Saved: '/home/rompasaurus/COdingProjects/WetGreg/assembly-animation/frames/frame_0290.png'
09:02.530  render           | Saved: '/home/rompasaurus/COdingProjects/WetGreg/assembly-animation/frames/frame_0291.png'
09:05.205  render           | Saved: '/home/rompasaurus/COdingProjects/WetGreg/assembly-animation/frames/frame_0292.png'
09:07.890  render           | Saved: '/home/rompasaurus/COdingProjects/WetGreg/assembly-animation/frames/frame_0293.png'
09:10.576  render           | Saved: '/home/rompasaurus/COdingProjects/WetGreg/assembly-animation/frames/frame_0294.png'
09:13.295  render           | Saved: '/home/rompasaurus/COdingProjects/WetGreg/assembly-animation/frames/frame_0295.png'
09:16.019  render           | Saved: '/home/rompasaurus/COdingProjects/WetGreg/assembly-animation/frames/frame_0296.png'
09:18.739  render           | Saved: '/home/rompasaurus/COdingProjects/WetGreg/assembly-animation/frames/frame_0297.png'
09:21.444  render           | Saved: '/home/rompasaurus/COdingProjects/WetGreg/assembly-animation/frames/frame_0298.png'
09:24.173  render           | Saved: '/home/rompasaurus/COdingProjects/WetGreg/assembly-animation/frames/frame_0299.png'
09:26.897  render           | Saved: '/home/rompasaurus/COdingProjects/WetGreg/assembly-animation/frames/frame_0300.png'
09:29.631  render           | Saved: '/home/rompasaurus/COdingProjects/WetGreg/assembly-animation/frames/frame_0301.png'
09:32.364  render           | Saved: '/home/rompasaurus/COdingProjects/WetGreg/assembly-animation/frames/frame_0302.png'
09:35.082  render           | Saved: '/home/rompasaurus/COdingProjects/WetGreg/assembly-animation/frames/frame_0303.png'
09:37.813  render           | Saved: '/home/rompasaurus/COdingProjects/WetGreg/assembly-animation/frames/frame_0304.png'
09:40.540  render           | Saved: '/home/rompasaurus/COdingProjects/WetGreg/assembly-animation/frames/frame_0305.png'
09:43.262  render           | Saved: '/home/rompasaurus/COdingProjects/WetGreg/assembly-animation/frames/frame_0306.png'
09:45.993  render           | Saved: '/home/rompasaurus/COdingProjects/WetGreg/assembly-animation/frames/frame_0307.png'
09:48.725  render           | Saved: '/home/rompasaurus/COdingProjects/WetGreg/assembly-animation/frames/frame_0308.png'
09:51.469  render           | Saved: '/home/rompasaurus/COdingProjects/WetGreg/assembly-animation/frames/frame_0309.png'
09:54.213  render           | Saved: '/home/rompasaurus/COdingProjects/WetGreg/assembly-animation/frames/frame_0310.png'
09:56.939  render           | Saved: '/home/rompasaurus/COdingProjects/WetGreg/assembly-animation/frames/frame_0311.png'
09:59.654  render           | Saved: '/home/rompasaurus/COdingProjects/WetGreg/assembly-animation/frames/frame_0312.png'
10:02.351  render           | Saved: '/home/rompasaurus/COdingProjects/WetGreg/assembly-animation/frames/frame_0313.png'
10:05.085  render           | Saved: '/home/rompasaurus/COdingProjects/WetGreg/assembly-animation/frames/frame_0314.png'
10:07.815  render           | Saved: '/home/rompasaurus/COdingProjects/WetGreg/assembly-animation/frames/frame_0315.png'
10:10.542  render           | Saved: '/home/rompasaurus/COdingProjects/WetGreg/assembly-animation/frames/frame_0316.png'
10:13.267  render           | Saved: '/home/rompasaurus/COdingProjects/WetGreg/assembly-animation/frames/frame_0317.png'
10:15.998  render           | Saved: '/home/rompasaurus/COdingProjects/WetGreg/assembly-animation/frames/frame_0318.png'
10:18.739  render           | Saved: '/home/rompasaurus/COdingProjects/WetGreg/assembly-animation/frames/frame_0319.png'
10:21.467  render           | Saved: '/home/rompasaurus/COdingProjects/WetGreg/assembly-animation/frames/frame_0320.png'
10:24.195  render           | Saved: '/home/rompasaurus/COdingProjects/WetGreg/assembly-animation/frames/frame_0321.png'
10:26.919  render           | Saved: '/home/rompasaurus/COdingProjects/WetGreg/assembly-animation/frames/frame_0322.png'
10:29.653  render           | Saved: '/home/rompasaurus/COdingProjects/WetGreg/assembly-animation/frames/frame_0323.png'
10:32.387  render           | Saved: '/home/rompasaurus/COdingProjects/WetGreg/assembly-animation/frames/frame_0324.png'
10:35.113  render           | Saved: '/home/rompasaurus/COdingProjects/WetGreg/assembly-animation/frames/frame_0325.png'
10:37.836  render           | Saved: '/home/rompasaurus/COdingProjects/WetGreg/assembly-animation/frames/frame_0326.png'
10:40.568  render           | Saved: '/home/rompasaurus/COdingProjects/WetGreg/assembly-animation/frames/frame_0327.png'
10:43.299  render           | Saved: '/home/rompasaurus/COdingProjects/WetGreg/assembly-animation/frames/frame_0328.png'
10:46.031  render           | Saved: '/home/rompasaurus/COdingProjects/WetGreg/assembly-animation/frames/frame_0329.png'
10:48.762  render           | Saved: '/home/rompasaurus/COdingProjects/WetGreg/assembly-animation/frames/frame_0330.png'
10:51.482  render           | Saved: '/home/rompasaurus/COdingProjects/WetGreg/assembly-animation/frames/frame_0331.png'
10:54.207  render           | Saved: '/home/rompasaurus/COdingProjects/WetGreg/assembly-animation/frames/frame_0332.png'
10:56.937  render           | Saved: '/home/rompasaurus/COdingProjects/WetGreg/assembly-animation/frames/frame_0333.png'
10:59.667  render           | Saved: '/home/rompasaurus/COdingProjects/WetGreg/assembly-animation/frames/frame_0334.png'
11:02.394  render           | Saved: '/home/rompasaurus/COdingProjects/WetGreg/assembly-animation/frames/frame_0335.png'
11:05.121  render           | Saved: '/home/rompasaurus/COdingProjects/WetGreg/assembly-animation/frames/frame_0336.png'
11:07.848  render           | Saved: '/home/rompasaurus/COdingProjects/WetGreg/assembly-animation/frames/frame_0337.png'
11:10.574  render           | Saved: '/home/rompasaurus/COdingProjects/WetGreg/assembly-animation/frames/frame_0338.png'
11:13.303  render           | Saved: '/home/rompasaurus/COdingProjects/WetGreg/assembly-animation/frames/frame_0339.png'
11:16.030  render           | Saved: '/home/rompasaurus/COdingProjects/WetGreg/assembly-animation/frames/frame_0340.png'
11:18.758  render           | Saved: '/home/rompasaurus/COdingProjects/WetGreg/assembly-animation/frames/frame_0341.png'
11:21.485  render           | Saved: '/home/rompasaurus/COdingProjects/WetGreg/assembly-animation/frames/frame_0342.png'
11:24.222  render           | Saved: '/home/rompasaurus/COdingProjects/WetGreg/assembly-animation/frames/frame_0343.png'
11:26.948  render           | Saved: '/home/rompasaurus/COdingProjects/WetGreg/assembly-animation/frames/frame_0344.png'
11:29.676  render           | Saved: '/home/rompasaurus/COdingProjects/WetGreg/assembly-animation/frames/frame_0345.png'
11:32.402  render           | Saved: '/home/rompasaurus/COdingProjects/WetGreg/assembly-animation/frames/frame_0346.png'
11:35.126  render           | Saved: '/home/rompasaurus/COdingProjects/WetGreg/assembly-animation/frames/frame_0347.png'
11:37.848  render           | Saved: '/home/rompasaurus/COdingProjects/WetGreg/assembly-animation/frames/frame_0348.png'
11:40.577  render           | Saved: '/home/rompasaurus/COdingProjects/WetGreg/assembly-animation/frames/frame_0349.png'
11:43.298  render           | Saved: '/home/rompasaurus/COdingProjects/WetGreg/assembly-animation/frames/frame_0350.png'
11:46.038  render           | Saved: '/home/rompasaurus/COdingProjects/WetGreg/assembly-animation/frames/frame_0351.png'
11:48.775  render           | Saved: '/home/rompasaurus/COdingProjects/WetGreg/assembly-animation/frames/frame_0352.png'
11:51.525  render           | Saved: '/home/rompasaurus/COdingProjects/WetGreg/assembly-animation/frames/frame_0353.png'
11:54.268  render           | Saved: '/home/rompasaurus/COdingProjects/WetGreg/assembly-animation/frames/frame_0354.png'
11:57.023  render           | Saved: '/home/rompasaurus/COdingProjects/WetGreg/assembly-animation/frames/frame_0355.png'
11:59.762  render           | Saved: '/home/rompasaurus/COdingProjects/WetGreg/assembly-animation/frames/frame_0356.png'
12:02.510  render           | Saved: '/home/rompasaurus/COdingProjects/WetGreg/assembly-animation/frames/frame_0357.png'
12:05.261  render           | Saved: '/home/rompasaurus/COdingProjects/WetGreg/assembly-animation/frames/frame_0358.png'
12:08.014  render           | Saved: '/home/rompasaurus/COdingProjects/WetGreg/assembly-animation/frames/frame_0359.png'
12:10.780  render           | Saved: '/home/rompasaurus/COdingProjects/WetGreg/assembly-animation/frames/frame_0360.png'
12:13.513  render           | Saved: '/home/rompasaurus/COdingProjects/WetGreg/assembly-animation/frames/frame_0361.png'
12:16.270  render           | Saved: '/home/rompasaurus/COdingProjects/WetGreg/assembly-animation/frames/frame_0362.png'
12:19.012  render           | Saved: '/home/rompasaurus/COdingProjects/WetGreg/assembly-animation/frames/frame_0363.png'
12:21.749  render           | Saved: '/home/rompasaurus/COdingProjects/WetGreg/assembly-animation/frames/frame_0364.png'
12:24.474  render           | Saved: '/home/rompasaurus/COdingProjects/WetGreg/assembly-animation/frames/frame_0365.png'
12:27.191  render           | Saved: '/home/rompasaurus/COdingProjects/WetGreg/assembly-animation/frames/frame_0366.png'
12:29.935  render           | Saved: '/home/rompasaurus/COdingProjects/WetGreg/assembly-animation/frames/frame_0367.png'
12:32.668  render           | Saved: '/home/rompasaurus/COdingProjects/WetGreg/assembly-animation/frames/frame_0368.png'
12:35.398  render           | Saved: '/home/rompasaurus/COdingProjects/WetGreg/assembly-animation/frames/frame_0369.png'
12:38.125  render           | Saved: '/home/rompasaurus/COdingProjects/WetGreg/assembly-animation/frames/frame_0370.png'
12:40.866  render           | Saved: '/home/rompasaurus/COdingProjects/WetGreg/assembly-animation/frames/frame_0371.png'
12:43.578  render           | Saved: '/home/rompasaurus/COdingProjects/WetGreg/assembly-animation/frames/frame_0372.png'
12:46.301  render           | Saved: '/home/rompasaurus/COdingProjects/WetGreg/assembly-animation/frames/frame_0373.png'
12:49.035  render           | Saved: '/home/rompasaurus/COdingProjects/WetGreg/assembly-animation/frames/frame_0374.png'
12:51.764  render           | Saved: '/home/rompasaurus/COdingProjects/WetGreg/assembly-animation/frames/frame_0375.png'
12:54.511  render           | Saved: '/home/rompasaurus/COdingProjects/WetGreg/assembly-animation/frames/frame_0376.png'
12:57.236  render           | Saved: '/home/rompasaurus/COdingProjects/WetGreg/assembly-animation/frames/frame_0377.png'
12:59.969  render           | Saved: '/home/rompasaurus/COdingProjects/WetGreg/assembly-animation/frames/frame_0378.png'
13:02.683  render           | Saved: '/home/rompasaurus/COdingProjects/WetGreg/assembly-animation/frames/frame_0379.png'
13:05.404  render           | Saved: '/home/rompasaurus/COdingProjects/WetGreg/assembly-animation/frames/frame_0380.png'
13:08.145  render           | Saved: '/home/rompasaurus/COdingProjects/WetGreg/assembly-animation/frames/frame_0381.png'
13:10.894  render           | Saved: '/home/rompasaurus/COdingProjects/WetGreg/assembly-animation/frames/frame_0382.png'
13:13.629  render           | Saved: '/home/rompasaurus/COdingProjects/WetGreg/assembly-animation/frames/frame_0383.png'
13:16.362  render           | Saved: '/home/rompasaurus/COdingProjects/WetGreg/assembly-animation/frames/frame_0384.png'
13:19.098  render           | Saved: '/home/rompasaurus/COdingProjects/WetGreg/assembly-animation/frames/frame_0385.png'
13:21.820  render           | Saved: '/home/rompasaurus/COdingProjects/WetGreg/assembly-animation/frames/frame_0386.png'
13:24.554  render           | Saved: '/home/rompasaurus/COdingProjects/WetGreg/assembly-animation/frames/frame_0387.png'
13:27.274  render           | Saved: '/home/rompasaurus/COdingProjects/WetGreg/assembly-animation/frames/frame_0388.png'
13:29.991  render           | Saved: '/home/rompasaurus/COdingProjects/WetGreg/assembly-animation/frames/frame_0389.png'
13:32.733  render           | Saved: '/home/rompasaurus/COdingProjects/WetGreg/assembly-animation/frames/frame_0390.png'
============================================================
DILDER ASSEMBLY v2 — 390 frames (13.0s)
============================================================
  Device: AMD Ryzen 7 9800X3D 8-Core Processor (CPU) — off
  Device: AMD Radeon RX 9070 XT (HIP) — ON
  Device: AMD Ryzen 7 9800X3D 8-Core Processor (HIP) — off
  Using HIP GPU rendering (RX 9070 XT only)
  BasePlate: dims=<Vector (0.0969, 0.0460, 0.0090)>
  AAACradle: dims=<Vector (0.0921, 0.0414, 0.0121)>
  TopCover: dims=<Vector (0.0969, 0.0460, 0.0170)>
  Thumbpiece: dims=<Vector (0.0110, 0.0110, 0.0045)>
  Assembly center: <Vector (0.0485, 0.0230, 0.0089)>, size: <Vector (0.0969, 0.0460, 0.0280)>
  Frame 1/390
  Frame 30/390
  Frame 60/390
  Frame 90/390
  Frame 120/390
  Frame 150/390
  Frame 180/390
  Frame 210/390
  Frame 240/390
  Frame 270/390
  Frame 300/390
  Frame 330/390
  Frame 360/390
  Frame 390/390

Compile: ffmpeg -framerate 30 -i /home/rompasaurus/COdingProjects/WetGreg/assembly-animation/frames/frame_%04d.png -c:v libvpx-vp9 -b:v 2M -pix_fmt yuva420p /home/rompasaurus/COdingProjects/WetGreg/assembly-animation/output/assembly.webm
Blender 5.1.2 (hash ec6e62d40fa9 built 2026-05-19 10:38:26)
Timer 'STL Import' took 1.84 ms
Timer 'STL Import' took 0.47 ms
Timer 'STL Import' took 2.15 ms
Timer 'STL Import' took 0.41 ms

Blender quit
