============================================================
DILDER PCB ROTATING RENDER — 240 frames (8s)
============================================================
10:25:18 | INFO: Data are loaded, start creating Blender stuff
10:25:18 | INFO: Blender create Mesh node LED0603-RD-YELLOW
10:25:18 | INFO: Blender create Mesh node LED0603-RD-YELLOW
10:25:18 | INFO: Blender create Mesh node SW-SMD_3P-L6.6-W2.7-LS7.8-P1.50
10:25:18 | INFO: Blender create Mesh node C0805_L2.0-W1.3-H1.3
10:25:18 | INFO: Blender create Mesh node C0805_L2.0-W1.3-H1.3
10:25:18 | INFO: Blender create Mesh node C0402_L1.0-W0.5-H0.5
10:25:18 | INFO: Blender create Mesh node C0402_L1.0-W0.5-H0.5
10:25:18 | INFO: Blender create Mesh node USB-C_SMD-TYPE-C-31-M-12
10:25:19 | INFO: Blender create Mesh node R0402_L1.0-W0.5-H0.4
10:25:19 | INFO: Blender create Mesh node R0402_L1.0-W0.5-H0.4
10:25:19 | INFO: Blender create Mesh node C0402_L1.0-W0.5-H0.5
10:25:19 | INFO: Blender create Mesh node C0402_L1.0-W0.5-H0.5
10:25:19 | INFO: Blender create Mesh node RaspberryPi_Pico_W_Module_KiCad
10:25:19 | INFO: Blender create Mesh node R0402_L1.0-W0.5-H0.4
10:25:19 | INFO: Blender create Mesh node R0402_L1.0-W0.5-H0.4
10:25:19 | INFO: Blender create Mesh node R0402_L1.0-W0.5-H0.4
10:25:19 | INFO: Blender create Mesh node R0402_L1.0-W0.5-H0.4
10:25:19 | INFO: Blender create Mesh node R0402_L1.0-W0.5-H0.4
10:25:19 | INFO: Blender create Mesh node R0402_L1.0-W0.5-H0.4
10:25:19 | INFO: Blender create Mesh node R0402_L1.0-W0.5-H0.4
10:25:19 | INFO: Blender create Mesh node R0402_L1.0-W0.5-H0.4
10:25:19 | INFO: Blender create Mesh node SOT-23-3_L2.9-W1.4-P1.90-LS2.6-BR
10:25:19 | INFO: Blender create Mesh node R0402_L1.0-W0.5-H0.4
10:25:19 | INFO: Blender create Mesh node R0402_L1.0-W0.5-H0.4
10:25:19 | INFO: Blender create Mesh node SMA_L4.2-W2.6-LS5.0-RD_1
10:25:19 | INFO: Blender create Mesh node LGA-12_L2.0-W2.0-H1.0-P0.50
10:25:19 | INFO: Blender create Mesh node LGA-12_L2.0-W2.0-H1.0-P0.50
10:25:19 | INFO: Blender create Mesh node C0805_L2.0-W1.3-H1.3
10:25:19 | INFO: Blender create Mesh node C0805_L2.0-W1.3-H1.3
10:25:19 | INFO: Blender create Mesh node LED0603-RD-YELLOW
10:25:19 | INFO: Blender create Mesh node LED0603-RD-YELLOW
10:25:19 | INFO: Blender create Mesh node SMA_L4.2-W2.6-LS5.0-RD_1
10:25:19 | INFO: Blender create Mesh node Open CASCADE STEP translator 7.9 1
10:25:19 | INFO: Blender create Mesh node R0402_L1.0-W0.5-H0.4
10:25:19 | INFO: Blender create Mesh node R0402_L1.0-W0.5-H0.4
10:25:19 | INFO: Blender create Mesh node ESOP-8_L4.9-W3.9-H1.6-LS6.0-P1.27
10:25:19 | INFO: Blender create Mesh node ESOP-8_L4.9-W3.9-H1.6-LS6.0-P1.27
10:25:19 | INFO: Blender create Mesh node C0805_L2.0-W1.3-H1.3
10:25:19 | INFO: Blender create Mesh node C0805_L2.0-W1.3-H1.3
10:25:19 | INFO: Blender create Mesh node CONN-TH_PH2.00-LI-2P
10:25:19 | INFO: Blender create Mesh node KEY-SMD_6P-L10.2-W10.2-H10.0-LS11.7-P6.5
10:25:19 | INFO: Blender create Mesh node KEY-SMD_6P-L10.2-W10.2-H10.0-LS11.7-P6.5
10:25:19 | INFO: Blender create Mesh node CONN-TH_PH2.00-LI-2P
10:25:19 | INFO: Blender create Mesh node PinHeader_1x08_P254mm_Vertical
10:25:19 | INFO: Blender create Mesh node Dilder Full PCB Rev 1_copper
10:25:20 | INFO: Blender create Mesh node Dilder Full PCB Rev 1_pad
10:25:20 | INFO: Blender create Mesh node Dilder Full PCB Rev 1_via
10:25:20 | INFO: Blender create Mesh node Dilder Full PCB Rev 1_silkscreen
10:25:20 | INFO: Blender create Mesh node Dilder Full PCB Rev 1_silkscreen
10:25:20 | INFO: Blender create Mesh node Dilder Full PCB Rev 1_soldermask
10:25:20 | INFO: Blender create Mesh node Dilder Full PCB Rev 1_soldermask
10:25:20 | INFO: Blender create Mesh node Dilder Full PCB Rev 1_PCB
10:25:20 | INFO: glTF import finished in 1.66s
/home/rompasaurus/COdingProjects/WetGreg/assembly-animation/render_pcb.py:109: DeprecationWarning: 'World.use_nodes' is expected to be removed in Blender 6.0
  world.use_nodes = True
00:08.677  render           | Saved: '/home/rompasaurus/COdingProjects/WetGreg/assembly-animation/frames/pcb/frame_0001.png'
00:14.681  render           | Saved: '/home/rompasaurus/COdingProjects/WetGreg/assembly-animation/frames/pcb/frame_0002.png'
00:20.556  render           | Saved: '/home/rompasaurus/COdingProjects/WetGreg/assembly-animation/frames/pcb/frame_0003.png'
00:26.531  render           | Saved: '/home/rompasaurus/COdingProjects/WetGreg/assembly-animation/frames/pcb/frame_0004.png'
00:32.491  render           | Saved: '/home/rompasaurus/COdingProjects/WetGreg/assembly-animation/frames/pcb/frame_0005.png'
00:38.341  render           | Saved: '/home/rompasaurus/COdingProjects/WetGreg/assembly-animation/frames/pcb/frame_0006.png'
00:44.535  render           | Saved: '/home/rompasaurus/COdingProjects/WetGreg/assembly-animation/frames/pcb/frame_0007.png'
00:50.404  render           | Saved: '/home/rompasaurus/COdingProjects/WetGreg/assembly-animation/frames/pcb/frame_0008.png'
00:56.721  render           | Saved: '/home/rompasaurus/COdingProjects/WetGreg/assembly-animation/frames/pcb/frame_0009.png'
01:02.406  render           | Saved: '/home/rompasaurus/COdingProjects/WetGreg/assembly-animation/frames/pcb/frame_0010.png'
01:08.875  render           | Saved: '/home/rompasaurus/COdingProjects/WetGreg/assembly-animation/frames/pcb/frame_0011.png'
01:14.997  render           | Saved: '/home/rompasaurus/COdingProjects/WetGreg/assembly-animation/frames/pcb/frame_0012.png'
01:21.528  render           | Saved: '/home/rompasaurus/COdingProjects/WetGreg/assembly-animation/frames/pcb/frame_0013.png'
01:27.634  render           | Saved: '/home/rompasaurus/COdingProjects/WetGreg/assembly-animation/frames/pcb/frame_0014.png'
01:34.177  render           | Saved: '/home/rompasaurus/COdingProjects/WetGreg/assembly-animation/frames/pcb/frame_0015.png'
01:40.011  render           | Saved: '/home/rompasaurus/COdingProjects/WetGreg/assembly-animation/frames/pcb/frame_0016.png'
01:46.296  render           | Saved: '/home/rompasaurus/COdingProjects/WetGreg/assembly-animation/frames/pcb/frame_0017.png'
01:52.085  render           | Saved: '/home/rompasaurus/COdingProjects/WetGreg/assembly-animation/frames/pcb/frame_0018.png'
01:58.863  render           | Saved: '/home/rompasaurus/COdingProjects/WetGreg/assembly-animation/frames/pcb/frame_0019.png'
02:05.270  render           | Saved: '/home/rompasaurus/COdingProjects/WetGreg/assembly-animation/frames/pcb/frame_0020.png'
02:11.632  render           | Saved: '/home/rompasaurus/COdingProjects/WetGreg/assembly-animation/frames/pcb/frame_0021.png'
02:17.823  render           | Saved: '/home/rompasaurus/COdingProjects/WetGreg/assembly-animation/frames/pcb/frame_0022.png'
02:24.296  render           | Saved: '/home/rompasaurus/COdingProjects/WetGreg/assembly-animation/frames/pcb/frame_0023.png'
02:30.502  render           | Saved: '/home/rompasaurus/COdingProjects/WetGreg/assembly-animation/frames/pcb/frame_0024.png'
02:36.875  render           | Saved: '/home/rompasaurus/COdingProjects/WetGreg/assembly-animation/frames/pcb/frame_0025.png'
02:43.073  render           | Saved: '/home/rompasaurus/COdingProjects/WetGreg/assembly-animation/frames/pcb/frame_0026.png'
02:48.982  render           | Saved: '/home/rompasaurus/COdingProjects/WetGreg/assembly-animation/frames/pcb/frame_0027.png'
02:55.252  render           | Saved: '/home/rompasaurus/COdingProjects/WetGreg/assembly-animation/frames/pcb/frame_0028.png'
03:00.929  render           | Saved: '/home/rompasaurus/COdingProjects/WetGreg/assembly-animation/frames/pcb/frame_0029.png'
03:07.318  render           | Saved: '/home/rompasaurus/COdingProjects/WetGreg/assembly-animation/frames/pcb/frame_0030.png'
03:12.928  render           | Saved: '/home/rompasaurus/COdingProjects/WetGreg/assembly-animation/frames/pcb/frame_0031.png'
03:19.149  render           | Saved: '/home/rompasaurus/COdingProjects/WetGreg/assembly-animation/frames/pcb/frame_0032.png'
03:24.803  render           | Saved: '/home/rompasaurus/COdingProjects/WetGreg/assembly-animation/frames/pcb/frame_0033.png'
03:30.661  render           | Saved: '/home/rompasaurus/COdingProjects/WetGreg/assembly-animation/frames/pcb/frame_0034.png'
03:36.246  render           | Saved: '/home/rompasaurus/COdingProjects/WetGreg/assembly-animation/frames/pcb/frame_0035.png'
03:41.936  render           | Saved: '/home/rompasaurus/COdingProjects/WetGreg/assembly-animation/frames/pcb/frame_0036.png'
03:47.601  render           | Saved: '/home/rompasaurus/COdingProjects/WetGreg/assembly-animation/frames/pcb/frame_0037.png'
03:52.757  render           | Saved: '/home/rompasaurus/COdingProjects/WetGreg/assembly-animation/frames/pcb/frame_0038.png'
03:58.331  render           | Saved: '/home/rompasaurus/COdingProjects/WetGreg/assembly-animation/frames/pcb/frame_0039.png'
04:03.635  render           | Saved: '/home/rompasaurus/COdingProjects/WetGreg/assembly-animation/frames/pcb/frame_0040.png'
04:08.948  render           | Saved: '/home/rompasaurus/COdingProjects/WetGreg/assembly-animation/frames/pcb/frame_0041.png'
04:14.345  render           | Saved: '/home/rompasaurus/COdingProjects/WetGreg/assembly-animation/frames/pcb/frame_0042.png'
04:19.302  render           | Saved: '/home/rompasaurus/COdingProjects/WetGreg/assembly-animation/frames/pcb/frame_0043.png'
04:24.833  render           | Saved: '/home/rompasaurus/COdingProjects/WetGreg/assembly-animation/frames/pcb/frame_0044.png'
04:29.866  render           | Saved: '/home/rompasaurus/COdingProjects/WetGreg/assembly-animation/frames/pcb/frame_0045.png'
04:35.255  render           | Saved: '/home/rompasaurus/COdingProjects/WetGreg/assembly-animation/frames/pcb/frame_0046.png'
04:40.626  render           | Saved: '/home/rompasaurus/COdingProjects/WetGreg/assembly-animation/frames/pcb/frame_0047.png'
04:45.138  render           | Saved: '/home/rompasaurus/COdingProjects/WetGreg/assembly-animation/frames/pcb/frame_0048.png'
04:50.171  render           | Saved: '/home/rompasaurus/COdingProjects/WetGreg/assembly-animation/frames/pcb/frame_0049.png'
04:55.213  render           | Saved: '/home/rompasaurus/COdingProjects/WetGreg/assembly-animation/frames/pcb/frame_0050.png'
05:00.013  render           | Saved: '/home/rompasaurus/COdingProjects/WetGreg/assembly-animation/frames/pcb/frame_0051.png'
05:04.849  render           | Saved: '/home/rompasaurus/COdingProjects/WetGreg/assembly-animation/frames/pcb/frame_0052.png'
05:09.268  render           | Saved: '/home/rompasaurus/COdingProjects/WetGreg/assembly-animation/frames/pcb/frame_0053.png'
05:13.971  render           | Saved: '/home/rompasaurus/COdingProjects/WetGreg/assembly-animation/frames/pcb/frame_0054.png'
05:18.624  render           | Saved: '/home/rompasaurus/COdingProjects/WetGreg/assembly-animation/frames/pcb/frame_0055.png'
05:23.018  render           | Saved: '/home/rompasaurus/COdingProjects/WetGreg/assembly-animation/frames/pcb/frame_0056.png'
05:27.721  render           | Saved: '/home/rompasaurus/COdingProjects/WetGreg/assembly-animation/frames/pcb/frame_0057.png'
05:32.353  render           | Saved: '/home/rompasaurus/COdingProjects/WetGreg/assembly-animation/frames/pcb/frame_0058.png'
05:36.443  render           | Saved: '/home/rompasaurus/COdingProjects/WetGreg/assembly-animation/frames/pcb/frame_0059.png'
05:41.040  render           | Saved: '/home/rompasaurus/COdingProjects/WetGreg/assembly-animation/frames/pcb/frame_0060.png'
05:45.580  render           | Saved: '/home/rompasaurus/COdingProjects/WetGreg/assembly-animation/frames/pcb/frame_0061.png'
05:49.761  render           | Saved: '/home/rompasaurus/COdingProjects/WetGreg/assembly-animation/frames/pcb/frame_0062.png'
05:54.070  render           | Saved: '/home/rompasaurus/COdingProjects/WetGreg/assembly-animation/frames/pcb/frame_0063.png'
05:58.584  render           | Saved: '/home/rompasaurus/COdingProjects/WetGreg/assembly-animation/frames/pcb/frame_0064.png'
06:02.660  render           | Saved: '/home/rompasaurus/COdingProjects/WetGreg/assembly-animation/frames/pcb/frame_0065.png'
06:06.725  render           | Saved: '/home/rompasaurus/COdingProjects/WetGreg/assembly-animation/frames/pcb/frame_0066.png'
06:10.919  render           | Saved: '/home/rompasaurus/COdingProjects/WetGreg/assembly-animation/frames/pcb/frame_0067.png'
06:14.910  render           | Saved: '/home/rompasaurus/COdingProjects/WetGreg/assembly-animation/frames/pcb/frame_0068.png'
06:18.626  render           | Saved: '/home/rompasaurus/COdingProjects/WetGreg/assembly-animation/frames/pcb/frame_0069.png'
06:22.679  render           | Saved: '/home/rompasaurus/COdingProjects/WetGreg/assembly-animation/frames/pcb/frame_0070.png'
06:26.646  render           | Saved: '/home/rompasaurus/COdingProjects/WetGreg/assembly-animation/frames/pcb/frame_0071.png'
06:30.223  render           | Saved: '/home/rompasaurus/COdingProjects/WetGreg/assembly-animation/frames/pcb/frame_0072.png'
06:34.300  render           | Saved: '/home/rompasaurus/COdingProjects/WetGreg/assembly-animation/frames/pcb/frame_0073.png'
06:38.357  render           | Saved: '/home/rompasaurus/COdingProjects/WetGreg/assembly-animation/frames/pcb/frame_0074.png'
06:42.171  render           | Saved: '/home/rompasaurus/COdingProjects/WetGreg/assembly-animation/frames/pcb/frame_0075.png'
06:45.949  render           | Saved: '/home/rompasaurus/COdingProjects/WetGreg/assembly-animation/frames/pcb/frame_0076.png'
06:49.863  render           | Saved: '/home/rompasaurus/COdingProjects/WetGreg/assembly-animation/frames/pcb/frame_0077.png'
06:53.916  render           | Saved: '/home/rompasaurus/COdingProjects/WetGreg/assembly-animation/frames/pcb/frame_0078.png'
06:57.424  render           | Saved: '/home/rompasaurus/COdingProjects/WetGreg/assembly-animation/frames/pcb/frame_0079.png'
07:01.152  render           | Saved: '/home/rompasaurus/COdingProjects/WetGreg/assembly-animation/frames/pcb/frame_0080.png'
07:05.029  render           | Saved: '/home/rompasaurus/COdingProjects/WetGreg/assembly-animation/frames/pcb/frame_0081.png'
07:08.547  render           | Saved: '/home/rompasaurus/COdingProjects/WetGreg/assembly-animation/frames/pcb/frame_0082.png'
07:12.371  render           | Saved: '/home/rompasaurus/COdingProjects/WetGreg/assembly-animation/frames/pcb/frame_0083.png'
07:16.349  render           | Saved: '/home/rompasaurus/COdingProjects/WetGreg/assembly-animation/frames/pcb/frame_0084.png'
07:20.116  render           | Saved: '/home/rompasaurus/COdingProjects/WetGreg/assembly-animation/frames/pcb/frame_0085.png'
07:23.771  render           | Saved: '/home/rompasaurus/COdingProjects/WetGreg/assembly-animation/frames/pcb/frame_0086.png'
07:27.416  render           | Saved: '/home/rompasaurus/COdingProjects/WetGreg/assembly-animation/frames/pcb/frame_0087.png'
07:31.182  render           | Saved: '/home/rompasaurus/COdingProjects/WetGreg/assembly-animation/frames/pcb/frame_0088.png'
07:34.411  render           | Saved: '/home/rompasaurus/COdingProjects/WetGreg/assembly-animation/frames/pcb/frame_0089.png'
07:38.047  render           | Saved: '/home/rompasaurus/COdingProjects/WetGreg/assembly-animation/frames/pcb/frame_0090.png'
07:41.695  render           | Saved: '/home/rompasaurus/COdingProjects/WetGreg/assembly-animation/frames/pcb/frame_0091.png'
07:45.248  render           | Saved: '/home/rompasaurus/COdingProjects/WetGreg/assembly-animation/frames/pcb/frame_0092.png'
07:48.523  render           | Saved: '/home/rompasaurus/COdingProjects/WetGreg/assembly-animation/frames/pcb/frame_0093.png'
07:52.171  render           | Saved: '/home/rompasaurus/COdingProjects/WetGreg/assembly-animation/frames/pcb/frame_0094.png'
07:55.824  render           | Saved: '/home/rompasaurus/COdingProjects/WetGreg/assembly-animation/frames/pcb/frame_0095.png'
07:59.061  render           | Saved: '/home/rompasaurus/COdingProjects/WetGreg/assembly-animation/frames/pcb/frame_0096.png'
08:02.544  render           | Saved: '/home/rompasaurus/COdingProjects/WetGreg/assembly-animation/frames/pcb/frame_0097.png'
08:06.048  render           | Saved: '/home/rompasaurus/COdingProjects/WetGreg/assembly-animation/frames/pcb/frame_0098.png'
08:09.591  render           | Saved: '/home/rompasaurus/COdingProjects/WetGreg/assembly-animation/frames/pcb/frame_0099.png'
08:12.907  render           | Saved: '/home/rompasaurus/COdingProjects/WetGreg/assembly-animation/frames/pcb/frame_0100.png'
08:16.614  render           | Saved: '/home/rompasaurus/COdingProjects/WetGreg/assembly-animation/frames/pcb/frame_0101.png'
08:20.132  render           | Saved: '/home/rompasaurus/COdingProjects/WetGreg/assembly-animation/frames/pcb/frame_0102.png'
08:23.395  render           | Saved: '/home/rompasaurus/COdingProjects/WetGreg/assembly-animation/frames/pcb/frame_0103.png'
08:26.824  render           | Saved: '/home/rompasaurus/COdingProjects/WetGreg/assembly-animation/frames/pcb/frame_0104.png'
08:30.360  render           | Saved: '/home/rompasaurus/COdingProjects/WetGreg/assembly-animation/frames/pcb/frame_0105.png'
08:33.868  render           | Saved: '/home/rompasaurus/COdingProjects/WetGreg/assembly-animation/frames/pcb/frame_0106.png'
08:37.167  render           | Saved: '/home/rompasaurus/COdingProjects/WetGreg/assembly-animation/frames/pcb/frame_0107.png'
08:40.394  render           | Saved: '/home/rompasaurus/COdingProjects/WetGreg/assembly-animation/frames/pcb/frame_0108.png'
08:43.754  render           | Saved: '/home/rompasaurus/COdingProjects/WetGreg/assembly-animation/frames/pcb/frame_0109.png'
08:47.023  render           | Saved: '/home/rompasaurus/COdingProjects/WetGreg/assembly-animation/frames/pcb/frame_0110.png'
08:50.267  render           | Saved: '/home/rompasaurus/COdingProjects/WetGreg/assembly-animation/frames/pcb/frame_0111.png'
08:53.498  render           | Saved: '/home/rompasaurus/COdingProjects/WetGreg/assembly-animation/frames/pcb/frame_0112.png'
08:56.943  render           | Saved: '/home/rompasaurus/COdingProjects/WetGreg/assembly-animation/frames/pcb/frame_0113.png'
09:00.276  render           | Saved: '/home/rompasaurus/COdingProjects/WetGreg/assembly-animation/frames/pcb/frame_0114.png'
09:03.351  render           | Saved: '/home/rompasaurus/COdingProjects/WetGreg/assembly-animation/frames/pcb/frame_0115.png'
09:06.860  render           | Saved: '/home/rompasaurus/COdingProjects/WetGreg/assembly-animation/frames/pcb/frame_0116.png'
09:10.219  render           | Saved: '/home/rompasaurus/COdingProjects/WetGreg/assembly-animation/frames/pcb/frame_0117.png'
09:13.606  render           | Saved: '/home/rompasaurus/COdingProjects/WetGreg/assembly-animation/frames/pcb/frame_0118.png'
09:16.680  render           | Saved: '/home/rompasaurus/COdingProjects/WetGreg/assembly-animation/frames/pcb/frame_0119.png'
09:19.918  render           | Saved: '/home/rompasaurus/COdingProjects/WetGreg/assembly-animation/frames/pcb/frame_0120.png'
09:23.110  render           | Saved: '/home/rompasaurus/COdingProjects/WetGreg/assembly-animation/frames/pcb/frame_0121.png'
09:26.365  render           | Saved: '/home/rompasaurus/COdingProjects/WetGreg/assembly-animation/frames/pcb/frame_0122.png'
09:29.183  render           | Saved: '/home/rompasaurus/COdingProjects/WetGreg/assembly-animation/frames/pcb/frame_0123.png'
09:32.401  render           | Saved: '/home/rompasaurus/COdingProjects/WetGreg/assembly-animation/frames/pcb/frame_0124.png'
09:35.629  render           | Saved: '/home/rompasaurus/COdingProjects/WetGreg/assembly-animation/frames/pcb/frame_0125.png'
09:38.705  render           | Saved: '/home/rompasaurus/COdingProjects/WetGreg/assembly-animation/frames/pcb/frame_0126.png'
09:41.769  render           | Saved: '/home/rompasaurus/COdingProjects/WetGreg/assembly-animation/frames/pcb/frame_0127.png'
09:44.815  render           | Saved: '/home/rompasaurus/COdingProjects/WetGreg/assembly-animation/frames/pcb/frame_0128.png'
09:48.031  render           | Saved: '/home/rompasaurus/COdingProjects/WetGreg/assembly-animation/frames/pcb/frame_0129.png'
09:51.172  render           | Saved: '/home/rompasaurus/COdingProjects/WetGreg/assembly-animation/frames/pcb/frame_0130.png'
09:54.406  render           | Saved: '/home/rompasaurus/COdingProjects/WetGreg/assembly-animation/frames/pcb/frame_0131.png'
09:57.735  render           | Saved: '/home/rompasaurus/COdingProjects/WetGreg/assembly-animation/frames/pcb/frame_0132.png'
10:01.183  render           | Saved: '/home/rompasaurus/COdingProjects/WetGreg/assembly-animation/frames/pcb/frame_0133.png'
10:04.764  render           | Saved: '/home/rompasaurus/COdingProjects/WetGreg/assembly-animation/frames/pcb/frame_0134.png'
10:07.882  render           | Saved: '/home/rompasaurus/COdingProjects/WetGreg/assembly-animation/frames/pcb/frame_0135.png'
10:11.349  render           | Saved: '/home/rompasaurus/COdingProjects/WetGreg/assembly-animation/frames/pcb/frame_0136.png'
10:14.841  render           | Saved: '/home/rompasaurus/COdingProjects/WetGreg/assembly-animation/frames/pcb/frame_0137.png'
10:18.368  render           | Saved: '/home/rompasaurus/COdingProjects/WetGreg/assembly-animation/frames/pcb/frame_0138.png'
10:21.408  render           | Saved: '/home/rompasaurus/COdingProjects/WetGreg/assembly-animation/frames/pcb/frame_0139.png'
10:24.840  render           | Saved: '/home/rompasaurus/COdingProjects/WetGreg/assembly-animation/frames/pcb/frame_0140.png'
10:28.214  render           | Saved: '/home/rompasaurus/COdingProjects/WetGreg/assembly-animation/frames/pcb/frame_0141.png'
10:31.704  render           | Saved: '/home/rompasaurus/COdingProjects/WetGreg/assembly-animation/frames/pcb/frame_0142.png'
10:34.679  render           | Saved: '/home/rompasaurus/COdingProjects/WetGreg/assembly-animation/frames/pcb/frame_0143.png'
10:38.013  render           | Saved: '/home/rompasaurus/COdingProjects/WetGreg/assembly-animation/frames/pcb/frame_0144.png'
10:41.427  render           | Saved: '/home/rompasaurus/COdingProjects/WetGreg/assembly-animation/frames/pcb/frame_0145.png'
10:44.692  render           | Saved: '/home/rompasaurus/COdingProjects/WetGreg/assembly-animation/frames/pcb/frame_0146.png'
10:47.767  render           | Saved: '/home/rompasaurus/COdingProjects/WetGreg/assembly-animation/frames/pcb/frame_0147.png'
10:51.209  render           | Saved: '/home/rompasaurus/COdingProjects/WetGreg/assembly-animation/frames/pcb/frame_0148.png'
10:54.787  render           | Saved: '/home/rompasaurus/COdingProjects/WetGreg/assembly-animation/frames/pcb/frame_0149.png'
10:58.219  render           | Saved: '/home/rompasaurus/COdingProjects/WetGreg/assembly-animation/frames/pcb/frame_0150.png'
11:01.698  render           | Saved: '/home/rompasaurus/COdingProjects/WetGreg/assembly-animation/frames/pcb/frame_0151.png'
11:05.266  render           | Saved: '/home/rompasaurus/COdingProjects/WetGreg/assembly-animation/frames/pcb/frame_0152.png'
11:08.809  render           | Saved: '/home/rompasaurus/COdingProjects/WetGreg/assembly-animation/frames/pcb/frame_0153.png'
11:12.136  render           | Saved: '/home/rompasaurus/COdingProjects/WetGreg/assembly-animation/frames/pcb/frame_0154.png'
11:15.576  render           | Saved: '/home/rompasaurus/COdingProjects/WetGreg/assembly-animation/frames/pcb/frame_0155.png'
11:19.155  render           | Saved: '/home/rompasaurus/COdingProjects/WetGreg/assembly-animation/frames/pcb/frame_0156.png'
11:22.711  render           | Saved: '/home/rompasaurus/COdingProjects/WetGreg/assembly-animation/frames/pcb/frame_0157.png'
11:26.038  render           | Saved: '/home/rompasaurus/COdingProjects/WetGreg/assembly-animation/frames/pcb/frame_0158.png'
11:29.657  render           | Saved: '/home/rompasaurus/COdingProjects/WetGreg/assembly-animation/frames/pcb/frame_0159.png'
11:33.144  render           | Saved: '/home/rompasaurus/COdingProjects/WetGreg/assembly-animation/frames/pcb/frame_0160.png'
11:36.603  render           | Saved: '/home/rompasaurus/COdingProjects/WetGreg/assembly-animation/frames/pcb/frame_0161.png'
11:39.880  render           | Saved: '/home/rompasaurus/COdingProjects/WetGreg/assembly-animation/frames/pcb/frame_0162.png'
11:43.312  render           | Saved: '/home/rompasaurus/COdingProjects/WetGreg/assembly-animation/frames/pcb/frame_0163.png'
11:46.788  render           | Saved: '/home/rompasaurus/COdingProjects/WetGreg/assembly-animation/frames/pcb/frame_0164.png'
11:50.265  render           | Saved: '/home/rompasaurus/COdingProjects/WetGreg/assembly-animation/frames/pcb/frame_0165.png'
11:53.710  render           | Saved: '/home/rompasaurus/COdingProjects/WetGreg/assembly-animation/frames/pcb/frame_0166.png'
11:57.381  render           | Saved: '/home/rompasaurus/COdingProjects/WetGreg/assembly-animation/frames/pcb/frame_0167.png'
12:00.985  render           | Saved: '/home/rompasaurus/COdingProjects/WetGreg/assembly-animation/frames/pcb/frame_0168.png'
12:04.070  render           | Saved: '/home/rompasaurus/COdingProjects/WetGreg/assembly-animation/frames/pcb/frame_0169.png'
12:07.664  render           | Saved: '/home/rompasaurus/COdingProjects/WetGreg/assembly-animation/frames/pcb/frame_0170.png'
12:11.241  render           | Saved: '/home/rompasaurus/COdingProjects/WetGreg/assembly-animation/frames/pcb/frame_0171.png'
12:14.734  render           | Saved: '/home/rompasaurus/COdingProjects/WetGreg/assembly-animation/frames/pcb/frame_0172.png'
12:17.967  render           | Saved: '/home/rompasaurus/COdingProjects/WetGreg/assembly-animation/frames/pcb/frame_0173.png'
12:21.989  render           | Saved: '/home/rompasaurus/COdingProjects/WetGreg/assembly-animation/frames/pcb/frame_0174.png'
12:25.636  render           | Saved: '/home/rompasaurus/COdingProjects/WetGreg/assembly-animation/frames/pcb/frame_0175.png'
12:28.865  render           | Saved: '/home/rompasaurus/COdingProjects/WetGreg/assembly-animation/frames/pcb/frame_0176.png'
12:32.500  render           | Saved: '/home/rompasaurus/COdingProjects/WetGreg/assembly-animation/frames/pcb/frame_0177.png'
12:36.141  render           | Saved: '/home/rompasaurus/COdingProjects/WetGreg/assembly-animation/frames/pcb/frame_0178.png'
12:39.680  render           | Saved: '/home/rompasaurus/COdingProjects/WetGreg/assembly-animation/frames/pcb/frame_0179.png'
12:42.875  render           | Saved: '/home/rompasaurus/COdingProjects/WetGreg/assembly-animation/frames/pcb/frame_0180.png'
12:46.378  render           | Saved: '/home/rompasaurus/COdingProjects/WetGreg/assembly-animation/frames/pcb/frame_0181.png'
12:49.809  render           | Saved: '/home/rompasaurus/COdingProjects/WetGreg/assembly-animation/frames/pcb/frame_0182.png'
12:53.246  render           | Saved: '/home/rompasaurus/COdingProjects/WetGreg/assembly-animation/frames/pcb/frame_0183.png'
12:56.344  render           | Saved: '/home/rompasaurus/COdingProjects/WetGreg/assembly-animation/frames/pcb/frame_0184.png'
12:59.929  render           | Saved: '/home/rompasaurus/COdingProjects/WetGreg/assembly-animation/frames/pcb/frame_0185.png'
13:03.445  render           | Saved: '/home/rompasaurus/COdingProjects/WetGreg/assembly-animation/frames/pcb/frame_0186.png'
13:07.042  render           | Saved: '/home/rompasaurus/COdingProjects/WetGreg/assembly-animation/frames/pcb/frame_0187.png'
13:10.478  render           | Saved: '/home/rompasaurus/COdingProjects/WetGreg/assembly-animation/frames/pcb/frame_0188.png'
13:14.030  render           | Saved: '/home/rompasaurus/COdingProjects/WetGreg/assembly-animation/frames/pcb/frame_0189.png'
13:17.678  render           | Saved: '/home/rompasaurus/COdingProjects/WetGreg/assembly-animation/frames/pcb/frame_0190.png'
13:21.181  render           | Saved: '/home/rompasaurus/COdingProjects/WetGreg/assembly-animation/frames/pcb/frame_0191.png'
13:25.041  render           | Saved: '/home/rompasaurus/COdingProjects/WetGreg/assembly-animation/frames/pcb/frame_0192.png'
13:29.006  render           | Saved: '/home/rompasaurus/COdingProjects/WetGreg/assembly-animation/frames/pcb/frame_0193.png'
13:32.900  render           | Saved: '/home/rompasaurus/COdingProjects/WetGreg/assembly-animation/frames/pcb/frame_0194.png'
13:36.759  render           | Saved: '/home/rompasaurus/COdingProjects/WetGreg/assembly-animation/frames/pcb/frame_0195.png'
13:40.977  render           | Saved: '/home/rompasaurus/COdingProjects/WetGreg/assembly-animation/frames/pcb/frame_0196.png'
13:45.109  render           | Saved: '/home/rompasaurus/COdingProjects/WetGreg/assembly-animation/frames/pcb/frame_0197.png'
13:49.311  render           | Saved: '/home/rompasaurus/COdingProjects/WetGreg/assembly-animation/frames/pcb/frame_0198.png'
13:53.686  render           | Saved: '/home/rompasaurus/COdingProjects/WetGreg/assembly-animation/frames/pcb/frame_0199.png'
13:57.935  render           | Saved: '/home/rompasaurus/COdingProjects/WetGreg/assembly-animation/frames/pcb/frame_0200.png'
14:02.008  render           | Saved: '/home/rompasaurus/COdingProjects/WetGreg/assembly-animation/frames/pcb/frame_0201.png'
14:06.302  render           | Saved: '/home/rompasaurus/COdingProjects/WetGreg/assembly-animation/frames/pcb/frame_0202.png'
14:10.476  render           | Saved: '/home/rompasaurus/COdingProjects/WetGreg/assembly-animation/frames/pcb/frame_0203.png'
14:14.409  render           | Saved: '/home/rompasaurus/COdingProjects/WetGreg/assembly-animation/frames/pcb/frame_0204.png'
14:18.798  render           | Saved: '/home/rompasaurus/COdingProjects/WetGreg/assembly-animation/frames/pcb/frame_0205.png'
14:23.026  render           | Saved: '/home/rompasaurus/COdingProjects/WetGreg/assembly-animation/frames/pcb/frame_0206.png'
14:27.197  render           | Saved: '/home/rompasaurus/COdingProjects/WetGreg/assembly-animation/frames/pcb/frame_0207.png'
14:31.983  render           | Saved: '/home/rompasaurus/COdingProjects/WetGreg/assembly-animation/frames/pcb/frame_0208.png'
14:36.494  render           | Saved: '/home/rompasaurus/COdingProjects/WetGreg/assembly-animation/frames/pcb/frame_0209.png'
14:40.885  render           | Saved: '/home/rompasaurus/COdingProjects/WetGreg/assembly-animation/frames/pcb/frame_0210.png'
14:45.663  render           | Saved: '/home/rompasaurus/COdingProjects/WetGreg/assembly-animation/frames/pcb/frame_0211.png'
14:50.276  render           | Saved: '/home/rompasaurus/COdingProjects/WetGreg/assembly-animation/frames/pcb/frame_0212.png'
14:55.188  render           | Saved: '/home/rompasaurus/COdingProjects/WetGreg/assembly-animation/frames/pcb/frame_0213.png'
15:00.287  render           | Saved: '/home/rompasaurus/COdingProjects/WetGreg/assembly-animation/frames/pcb/frame_0214.png'
15:04.680  render           | Saved: '/home/rompasaurus/COdingProjects/WetGreg/assembly-animation/frames/pcb/frame_0215.png'
15:09.647  render           | Saved: '/home/rompasaurus/COdingProjects/WetGreg/assembly-animation/frames/pcb/frame_0216.png'
15:14.848  render           | Saved: '/home/rompasaurus/COdingProjects/WetGreg/assembly-animation/frames/pcb/frame_0217.png'
15:19.359  render           | Saved: '/home/rompasaurus/COdingProjects/WetGreg/assembly-animation/frames/pcb/frame_0218.png'
15:24.514  render           | Saved: '/home/rompasaurus/COdingProjects/WetGreg/assembly-animation/frames/pcb/frame_0219.png'
15:29.255  render           | Saved: '/home/rompasaurus/COdingProjects/WetGreg/assembly-animation/frames/pcb/frame_0220.png'
15:34.077  render           | Saved: '/home/rompasaurus/COdingProjects/WetGreg/assembly-animation/frames/pcb/frame_0221.png'
15:39.265  render           | Saved: '/home/rompasaurus/COdingProjects/WetGreg/assembly-animation/frames/pcb/frame_0222.png'
15:44.288  render           | Saved: '/home/rompasaurus/COdingProjects/WetGreg/assembly-animation/frames/pcb/frame_0223.png'
15:49.730  render           | Saved: '/home/rompasaurus/COdingProjects/WetGreg/assembly-animation/frames/pcb/frame_0224.png'
15:55.283  render           | Saved: '/home/rompasaurus/COdingProjects/WetGreg/assembly-animation/frames/pcb/frame_0225.png'
16:00.406  render           | Saved: '/home/rompasaurus/COdingProjects/WetGreg/assembly-animation/frames/pcb/frame_0226.png'
16:05.792  render           | Saved: '/home/rompasaurus/COdingProjects/WetGreg/assembly-animation/frames/pcb/frame_0227.png'
16:10.862  render           | Saved: '/home/rompasaurus/COdingProjects/WetGreg/assembly-animation/frames/pcb/frame_0228.png'
16:16.640  render           | Saved: '/home/rompasaurus/COdingProjects/WetGreg/assembly-animation/frames/pcb/frame_0229.png'
16:22.254  render           | Saved: '/home/rompasaurus/COdingProjects/WetGreg/assembly-animation/frames/pcb/frame_0230.png'
16:27.912  render           | Saved: '/home/rompasaurus/COdingProjects/WetGreg/assembly-animation/frames/pcb/frame_0231.png'
16:33.798  render           | Saved: '/home/rompasaurus/COdingProjects/WetGreg/assembly-animation/frames/pcb/frame_0232.png'
16:38.980  render           | Saved: '/home/rompasaurus/COdingProjects/WetGreg/assembly-animation/frames/pcb/frame_0233.png'
16:44.855  render           | Saved: '/home/rompasaurus/COdingProjects/WetGreg/assembly-animation/frames/pcb/frame_0234.png'
16:50.211  render           | Saved: '/home/rompasaurus/COdingProjects/WetGreg/assembly-animation/frames/pcb/frame_0235.png'
16:56.053  render           | Saved: '/home/rompasaurus/COdingProjects/WetGreg/assembly-animation/frames/pcb/frame_0236.png'
17:01.763  render           | Saved: '/home/rompasaurus/COdingProjects/WetGreg/assembly-animation/frames/pcb/frame_0237.png'
17:07.599  render           | Saved: '/home/rompasaurus/COdingProjects/WetGreg/assembly-animation/frames/pcb/frame_0238.png'
17:13.398  render           | Saved: '/home/rompasaurus/COdingProjects/WetGreg/assembly-animation/frames/pcb/frame_0239.png'
17:19.193  render           | Saved: '/home/rompasaurus/COdingProjects/WetGreg/assembly-animation/frames/pcb/frame_0240.png'
Imported 52 mesh objects from GLB
PCB center: <Vector (0.0955, -0.0679, -0.0024)>, size: <Vector (0.0995, 0.0438, 0.0153)>
  Frame 1/240
  Frame 30/240
  Frame 60/240
  Frame 90/240
  Frame 120/240
  Frame 150/240
  Frame 180/240
  Frame 210/240
  Frame 240/240

  Done! 240 frames rendered

Compile: ffmpeg -framerate 30 -i /home/rompasaurus/COdingProjects/WetGreg/assembly-animation/frames/pcb/frame_%04d.png -c:v libvpx-vp9 -b:v 2M -pix_fmt yuva420p /home/rompasaurus/COdingProjects/WetGreg/assembly-animation/output/pcb_rotate.webm
Blender 5.1.1 (hash b70da489d7f4 built 2026-05-07 04:58:59)

Blender quit
